// Jest Snapshot v1, https://goo.gl/fbAQLP

exports[`renders correctly 1`] = `
<div
  className="card"
>
  <div
    className="card-img"
  >
    <img
      alt="graph"
      src="/lineGraphImage.jpg"
    />
  </div>
  <div
    className="card-body"
  >
    <h5
      className="card-title"
    >
      <strong>
        Brainclip
      </strong>
    </h5>
    <p
      className="card-price"
    >
      $91.22
    </p>
    <h5
      className="card-rating"
    >
      <i
        className="fa fa-star star-checked"
        key="1"
      />
      <i
        className="fa fa-star star-checked"
        key="2"
      />
      <i
        className="fa fa-star star-checked"
        key="3"
      />
      <i
        className="fa fa-star-o star-empty"
        key="4"
      />
      <i
        className="fa fa-star-o star-empty"
        key="5"
      />
    </h5>
    <p
      className="card-reviews"
    >
      903
       
      reviews
    </p>
    <button
      className="card-button"
      onClick={[Function]}
      type="button"
    >
      See More
    </button>
  </div>
</div>
`;
